[
  {
    "name": "Potential AWS Access Key",
    "filename": null,
    "hashed_secret": "976cf0ad9722ce3df0270b6c514e39621267539e3add94c1ab75a6fa896062e6",
    "whiskered": false
  },
  {
    "name": "Potential Azure Storage Account Key",
    "filename": null,
    "hashed_secret": "be7d72da35e500697d1c82b88953057648852d5c2e2cc258cb3a32dd9de507cb",
    "whiskered": false
  },
  {
    "name": "Potential Google Cloud Platform API Key",
    "filename": null,
    "hashed_secret": "78a716275615ce30789b3bd4eb54078b8f63eb6124875a5c695da55a6215ce9b",
    "whiskered": false
  },
  {
    "name": "Potential Heroku API Key",
    "filename": null,
    "hashed_secret": "e11d47100429553aca1fa4cf6c4d61df4d77076c52f07e8f0ae8df59c42030a1",
    "whiskered": false
  },
  {
    "name": "Potential MailChimp API Key",
    "filename": null,
    "hashed_secret": "b90bfc0d95818c8ee853a1e56e4807d8173c4c0b525a060a78008385101e7c9",
    "whiskered": false
  },
  {
    "name": "Potential PayPal Braintree Access Token",
    "filename": null,
    "hashed_secret": "b98c3f24b1e329756138cc58ce8b551fe392b6c0393d3d362b19f284590387bc",
    "whiskered": false
  },
  {
    "name": "Potential Slack Webhook",
    "filename": null,
    "hashed_secret": "f447a2ed993cc23c72cb4711692542b85e6357dd2c5a5a13473f718e89e54121",
    "whiskered": false
  },
  {
    "name": "Potential SSH (ECDSA) Private Key",
    "filename": null,
    "hashed_secret": "b7e76c1d92bc9da285bd836329c618f2eb5b5e30b7bbcd1aa46e56c04c284614",
    "whiskered": false
  },
  {
    "name": "Potential SSH (Ed25519) Private Key",
    "filename": null,
    "hashed_secret": "688375bc485c0c0a9d106c27d48c64c65bf8a0894416e0c21cf1c2715c2a6faa",
    "whiskered": false
  },
  {
    "name": "Potential SSH (RSA) Private Key",
    "filename": null,
    "hashed_secret": "eb54774d10693c5f670dc05f44adca5bb3e30906929321d8028cca63e665a1a91",
    "whiskered": false
  },
  {
    "name": "Potential Stripe API Key",
    "filename": null,
    "hashed_secret": "b15c7165925a595f5d3a996dc26976e00525c0b008743c27af7493987305a4a0",
    "whiskered": false
  },
  {
    "name": "Potential Twilio API Key",
    "filename": null,
    "hashed_secret": "74c3f6256961d72c24e7c59c5e9e6c34b712a3c2d7fc5c2e96b9c8bf7e1c8e1f",
    "whiskered": false
  }
]
